// Jest Snapshot v1, https://goo.gl/fbAQLP

exports[`Fibo (route) should match snapshot 1`] = `
Object {
  "toto": 43,
}
`;
